C:/Projects/DripperDisplay/DripperDisplay/Core/Src/main.c:92:5:main	2
C:/Projects/DripperDisplay/DripperDisplay/Core/Src/main.c:196:6:SystemClock_Config	4
C:/Projects/DripperDisplay/DripperDisplay/Core/Src/main.c:265:6:PeriphCommonClock_Config	1
C:/Projects/DripperDisplay/DripperDisplay/Core/Src/main.c:273:13:SystemPower_Config	2
C:/Projects/DripperDisplay/DripperDisplay/Core/Src/main.c:305:6:HAL_TIM_PeriodElapsedCallback	2
C:/Projects/DripperDisplay/DripperDisplay/Core/Src/main.c:323:6:Error_Handler	1
