C:/Projects/DripperDisplay/DripperDisplay/Core/Src/main.c:92:5:main	8	static
C:/Projects/DripperDisplay/DripperDisplay/Core/Src/main.c:196:6:SystemClock_Config	128	static
C:/Projects/DripperDisplay/DripperDisplay/Core/Src/main.c:265:6:PeriphCommonClock_Config	4	static
C:/Projects/DripperDisplay/DripperDisplay/Core/Src/main.c:273:13:SystemPower_Config	8	static
C:/Projects/DripperDisplay/DripperDisplay/Core/Src/main.c:305:6:HAL_TIM_PeriodElapsedCallback	16	static
C:/Projects/DripperDisplay/DripperDisplay/Core/Src/main.c:323:6:Error_Handler	4	static,ignoring_inline_asm
