../../Middlewares/ST/touchgfx/framework/include/touchgfx/Screen.hpp:104:18:virtual void touchgfx::Screen::afterTransition()	16	static
../../Middlewares/ST/touchgfx/framework/include/touchgfx/Screen.hpp:115:18:virtual void touchgfx::Screen::tearDownScreen()	16	static
../../Middlewares/ST/touchgfx/framework/include/touchgfx/Screen.hpp:144:18:virtual void touchgfx::Screen::handleTickEvent()	16	static
../../Middlewares/ST/touchgfx/framework/include/touchgfx/Screen.hpp:154:18:virtual void touchgfx::Screen::handleKeyEvent(uint8_t)	16	static
../../TouchGFX/generated/gui_generated/include/gui_generated/protection_disable_confirmation_screen_screen/Protection_Disable_Confirmation_ScreenViewBase.hpp:24:18:virtual void Protection_Disable_Confirmation_ScreenViewBase::ContinuePress()	16	static
../../TouchGFX/gui/include/gui/protection_disable_confirmation_screen_screen/Protection_Disable_Confirmation_ScreenView.hpp:11:13:Protection_Disable_Confirmation_ScreenView::~Protection_Disable_Confirmation_ScreenView()	16	static
../../TouchGFX/gui/include/gui/protection_disable_confirmation_screen_screen/Protection_Disable_Confirmation_ScreenView.hpp:11:13:virtual Protection_Disable_Confirmation_ScreenView::~Protection_Disable_Confirmation_ScreenView()	16	static
C:/Projects/DripperDisplay/DripperDisplay/TouchGFX/gui/src/protection_disable_confirmation_screen_screen/Protection_Disable_Confirmation_ScreenView.cpp:3:1:Protection_Disable_Confirmation_ScreenView::Protection_Disable_Confirmation_ScreenView()	16	static
C:/Projects/DripperDisplay/DripperDisplay/TouchGFX/gui/src/protection_disable_confirmation_screen_screen/Protection_Disable_Confirmation_ScreenView.cpp:8:6:virtual void Protection_Disable_Confirmation_ScreenView::setupScreen()	16	static
C:/Projects/DripperDisplay/DripperDisplay/TouchGFX/gui/src/protection_disable_confirmation_screen_screen/Protection_Disable_Confirmation_ScreenView.cpp:13:6:virtual void Protection_Disable_Confirmation_ScreenView::tearDownScreen()	16	static
