../../Middlewares/ST/touchgfx/framework/include/mvp/Presenter.hpp:37:18:virtual void touchgfx::Presenter::activate()	16	static
../../Middlewares/ST/touchgfx/framework/include/mvp/Presenter.hpp:47:18:virtual void touchgfx::Presenter::deactivate()	16	static
../../Middlewares/ST/touchgfx/framework/include/mvp/Presenter.hpp:52:13:touchgfx::Presenter::~Presenter()	16	static
../../Middlewares/ST/touchgfx/framework/include/mvp/Presenter.hpp:52:13:virtual touchgfx::Presenter::~Presenter()	16	static
../../Middlewares/ST/touchgfx/framework/include/mvp/Presenter.hpp:58:5:touchgfx::Presenter::Presenter()	16	static
../../TouchGFX/gui/include/gui/model/ModelListener.hpp:9:5:ModelListener::ModelListener()	16	static
../../TouchGFX/gui/include/gui/model/ModelListener.hpp:11:13:ModelListener::~ModelListener()	16	static
../../TouchGFX/gui/include/gui/model/ModelListener.hpp:11:13:virtual ModelListener::~ModelListener()	16	static
../../TouchGFX/gui/include/gui/protection_disable_confirmation_screen_screen/Protection_Disable_Confirmation_ScreenPresenter.hpp:28:13:Protection_Disable_Confirmation_ScreenPresenter::~Protection_Disable_Confirmation_ScreenPresenter()	16	static
../../TouchGFX/gui/include/gui/protection_disable_confirmation_screen_screen/Protection_Disable_Confirmation_ScreenPresenter.hpp:28:13:virtual Protection_Disable_Confirmation_ScreenPresenter::~Protection_Disable_Confirmation_ScreenPresenter()	16	static
C:/Projects/DripperDisplay/DripperDisplay/TouchGFX/gui/src/protection_disable_confirmation_screen_screen/Protection_Disable_Confirmation_ScreenPresenter.cpp:4:1:Protection_Disable_Confirmation_ScreenPresenter::Protection_Disable_Confirmation_ScreenPresenter(Protection_Disable_Confirmation_ScreenView&)	16	static
C:/Projects/DripperDisplay/DripperDisplay/TouchGFX/gui/src/protection_disable_confirmation_screen_screen/Protection_Disable_Confirmation_ScreenPresenter.cpp:10:6:virtual void Protection_Disable_Confirmation_ScreenPresenter::activate()	16	static
C:/Projects/DripperDisplay/DripperDisplay/TouchGFX/gui/src/protection_disable_confirmation_screen_screen/Protection_Disable_Confirmation_ScreenPresenter.cpp:15:6:virtual void Protection_Disable_Confirmation_ScreenPresenter::deactivate()	16	static
